Microchip MPLAB XC8 Compiler V3.10

Linker command line:

-W-3 \
  --edf=/Users/james/.mchp_packs/Microchip/PIC18F-Q_DFP/1.30.487/xc8/pic/dat/20260311214434_en.msgs \
  -pivt0x8=08h -cn -h+out/farseer/default.sym --cmf=out/farseer/default.cmf \
  -z -Q18F57Q84 -o/tmp/xc582ojyt/driver_tmp_3.o --fixupoverflow=error \
  -Mout/farseer/mem.map --md=/tmp/xc582ojyt/driver_tmp_0.dat -E1 \
  -ver=XC8 Compiler -ACODE=00h-01FFFFh -ACONST=00h-01FFFFh \
  -ASMALLCONST=04000h-040FFhx192,014000h-0140FFhx192 \
  -AMEDIUMCONST=04000h-0FFFFh,014000h-01FFFFh -ACOMRAM=0501h-055Fh \
  -AABS1=0500h-036FFh -ABIGRAM=0501h-036FFh \
  -ARAM=0560h-05FFh,0600h-06FFhx49 -ABANK5=0560h-05FFh -ABANK6=0600h-06FFh \
  -ABANK7=0700h-07FFh -ABANK8=0800h-08FFh -ABANK9=0900h-09FFh \
  -ABANK10=0A00h-0AFFh -ABANK11=0B00h-0BFFh -ABANK12=0C00h-0CFFh \
  -ABANK13=0D00h-0DFFh -ABANK14=0E00h-0EFFh -ABANK15=0F00h-0FFFh \
  -ABANK16=01000h-010FFh -ABANK17=01100h-011FFh -ABANK18=01200h-012FFh \
  -ABANK19=01300h-013FFh -ABANK20=01400h-014FFh -ABANK21=01500h-015FFh \
  -ABANK22=01600h-016FFh -ABANK23=01700h-017FFh -ABANK24=01800h-018FFh \
  -ABANK25=01900h-019FFh -ABANK26=01A00h-01AFFh -ABANK27=01B00h-01BFFh \
  -ABANK28=01C00h-01CFFh -ABANK29=01D00h-01DFFh -ABANK30=01E00h-01EFFh \
  -ABANK31=01F00h-01FFFh -ABANK32=02000h-020FFh -ABANK33=02100h-021FFh \
  -ABANK34=02200h-022FFh -ABANK35=02300h-023FFh -ABANK36=02400h-024FFh \
  -ABANK37=02500h-025FFh -ABANK38=02600h-026FFh -ABANK39=02700h-027FFh \
  -ABANK40=02800h-028FFh -ABANK41=02900h-029FFh -ABANK42=02A00h-02AFFh \
  -ABANK43=02B00h-02BFFh -ABANK44=02C00h-02CFFh -ABANK45=02D00h-02DFFh \
  -ABANK46=02E00h-02EFFh -ABANK47=02F00h-02FFFh -ABANK48=03000h-030FFh \
  -ABANK49=03100h-031FFh -ABANK50=03200h-032FFh -ABANK51=03300h-033FFh \
  -ABANK52=03400h-034FFh -ABANK53=03500h-035FFh -ABANK54=03600h-036FFh \
  -ASFR=00h-0FFhx4,0400h-045Fh,0460h-04FFh,03700h-037FFhx9 \
  -ABIGSFR=00h-04FFh,03700h-03FFFh -ACONFIG=0300000h-0300023h \
  -AIDLOC=0200000h-020003Fh -AEEDATA=0380000h-03803FFh -peeprom_data=EEDATA \
  -preset_vec=00h -ppowerup=CODE,init -pramtop=04000h \
  -psmallconst=SMALLCONST -pmediumconst=MEDIUMCONST -pconst=CONST \
  -AFARRAM=00h-00h \
  -prdata=COMRAM,nvrram=COMRAM,nvbit=COMRAM,rbss=COMRAM,rbit=COMRAM \
  -pfarbss=FARRAM,fardata=FARRAM,nvFARRAM=FARRAM \
  -pintsave_regs=BIGRAM,bigbss=BIGRAM,bigdata=BIGRAM -pbss=RAM \
  -pidata=CODE,irdata=CODE,ibigdata=CODE,ifardata=CODE -prparam=COMRAM \
  /tmp/xc582ojyt/driver_tmp_12.o out/farseer/default.o 

Object code version is 3.11

Machine type is 18F57Q84



                Name                               Link     Load   Length Selector   Space Scale
/tmp/xc582ojyt/driver_tmp_12.o
                config                           300000   300000        5        0       4
                init                                10A      10A        4        4       0
                reset_vec                             0        0        4        0       0
out/farseer/default.o
                config                           300000   300000        5        0       4
                mediumconst                        FBAE     FBAE      452     7DD7       0
                ivt0x8                                8        8      102        4       0
                text92                            1708C    1708C       12     5C23       0
                text91                            16924    16924       58     5A49       0
                text90                            169D4    169D4       56     5A75       0
                text89                            16DEE    16DEE       36     5A75       0
                text88                            16CCA    16CCA       3E     5A75       0
                text87                            167F2    167F2       68     8000       0
                text86                            1703E    1703E       1C     5A75       0
                text85                            165B6    165B6       7A     8000       0
                text84                            17072    17072       18     5A75       0
                text83                            16D44    16D44       3A     5A75       0
                text82                            16BB8    16BB8       4C     5A75       0
                text81                            16AD0    16AD0       50     5A75       0
                text80                            15998    15998       D0     8000       0
                text79                            15E48    15E48       C4     8000       0
                text78                            16188    16188       8E     8000       0
                text77                            14A82    14A82      180     8000       0
                text76                            14748    14748      1A0     8000       0
                text75                            162A0    162A0       8A     8000       0
                text74                            1709E    1709E        A     5C23       0
                text73                            15B32    15B32       CA     8000       0
                text72                            15D84    15D84       C4     8000       0
                text71                            151F4    151F4      10A     8000       0
                text70                            157D6    157D6       EA     8000       0
                text69                            16E8C    16E8C       34     5A75       0
                text68                            16C4A    16C4A       42     5A75       0
                text67                            1605A    1605A       98     8000       0
                text66                            143BC    143BC      1D8     8000       0
                text65                            13320    13320      38E     8000       0
                text64                            15F0C    15F0C       AA     8000       0
                text63                            15404    15404      104     8000       0
                text62                            12AE8    12AE8      426     8000       0
                text61                            16DB6    16DB6       38     5A75       0
                text60                            121A0    121A0      4B6     8000       0
                text59                            16C04    16C04       46     5A75       0
                text58                            152FE    152FE      106     8000       0
                text57                            15508    15508       F8     8000       0
                text56                            13BCA    13BCA      212     8000       0
                text55                            1697C    1697C       56     5A49       0
                text54                            16D08    16D08       3C     5A75       0
                text53                            11036    11036      A44     8000       0
                text52                            15A68    15A68       CA     8000       0
                text51                            148E8    148E8      19A     8000       0
                text50                            15FB6    15FB6       A4     8000       0
                text49                            1632A    1632A       88     8000       0
                text48                            14D5A    14D5A      150     8000       0
                text47                            14C02    14C02      158     8000       0
                text46                            11A7A    11A7A      726     8000       0
                text45                            16A7E    16A7E       52     5A75       0
                text44                            16FCE    16FCE       28     5A75       0
                text43                            16B6C    16B6C       4C     5A75       0
                text42                            16720    16720       6A     8000       0
                text41                            12656    12656      492     8000       0
                text40                            13FE0    13FE0      202     8000       0
                text39                            1685A    1685A       66     8000       0
                text38                            14EAA    14EAA      12C     8000       0
                text37                            1705A    1705A       18     5A75       0
                text36                            168C0    168C0       62     8000       0
                text35                            1678A    1678A       68     8000       0
                text34                            16C8C    16C8C       3E     5A75       0
                text33                            16B20    16B20       4C     5A75       0
                text32                            16EF0    16EF0       30     5A75       0
                text31                            16538    16538       7E     8000       0
                text30                            150EA    150EA      10A     8000       0
                text29                            13950    13950      27A     8000       0
                text28                            160F2    160F2       96     8000       0
                text27                            16216    16216       8A     8000       0
                text26                            12F0E    12F0E      412     8000       0
                text25                            16E58    16E58       34     5A75       0
                text24                            164BA    164BA       7E     8000       0
                text23                            14FD6    14FD6      114     8000       0
                text22                            16436    16436       84     8000       0
                text21                            15CC0    15CC0       C4     8000       0
                text20                            16FF6    16FF6       26     5A75       0
                text19                            14594    14594      1B4     8000       0
                text18                            16F4E    16F4E       2C     5A75       0
                text17                            16A2A    16A2A       54     5A75       0
                text16                            1701C    1701C       22     5A75       0
                text15                            16F20    16F20       2E     5A75       0
                text14                            10000    10000     1036     8000       0
                text13                            141E2    141E2      1DA     8000       0
                text12                            13DDC    13DDC      204     8000       0
                text11                            15BFC    15BFC       C4     8000       0
                text10                            136AE    136AE      2A2     8000       0
                text9                             158C0    158C0       D8     8000       0
                text8                             166A8    166A8       78     8000       0
                text7                             15600    15600       EC     8000       0
                text6                             16630    16630       78     8000       0
                text5                             16FA4    16FA4       2A     5A75       0
                text4                             16F7A    16F7A       2A     5A75       0
                text3                             16EC0    16EC0       30     5A75       0
                text2                             16D7E    16D7E       38     5A75       0
                text1                             16E24    16E24       34     5A75       0
                text0                             156EC    156EC       EA     8000       0
                cstackCOMRAM                        501      501       57      501       1
                cstackBANK5                         560      560       9D      560       1
                cstackBANK6                         6EF      6EF        A      600       1
                bssBIGRAM                           B00      B00      410      B00       1
                bssBANK10                           A00      A00      100      A00       1
                bssBANK9                            900      900      100      900       1
                bssBANK8                            800      800       C8      800       1
                bssBANK7                            700      700       D8      700       1
                bssBANK6                            600      600       EF      600       1
                bssBANK5                            5FD      5FD        3      560       1
                bssCOMRAM                           558      558        4      501       1
                cinit                             163B2    163B2       84     8000       0

TOTAL           Name                               Link     Load   Length     Space
        CLASS   CODE           
                init                                10A      10A        4         0
                reset_vec                             0        0        4         0
                ivt0x8                                8        8      102         0
                text92                            1708C    1708C       12         0
                text91                            16924    16924       58         0
                text90                            169D4    169D4       56         0
                text89                            16DEE    16DEE       36         0
                text88                            16CCA    16CCA       3E         0
                text87                            167F2    167F2       68         0
                text86                            1703E    1703E       1C         0
                text85                            165B6    165B6       7A         0
                text84                            17072    17072       18         0
                text83                            16D44    16D44       3A         0
                text82                            16BB8    16BB8       4C         0
                text81                            16AD0    16AD0       50         0
                text80                            15998    15998       D0         0
                text79                            15E48    15E48       C4         0
                text78                            16188    16188       8E         0
                text77                            14A82    14A82      180         0
                text76                            14748    14748      1A0         0
                text75                            162A0    162A0       8A         0
                text74                            1709E    1709E        A         0
                text73                            15B32    15B32       CA         0
                text72                            15D84    15D84       C4         0
                text71                            151F4    151F4      10A         0
                text70                            157D6    157D6       EA         0
                text69                            16E8C    16E8C       34         0
                text68                            16C4A    16C4A       42         0
                text67                            1605A    1605A       98         0
                text66                            143BC    143BC      1D8         0
                text65                            13320    13320      38E         0
                text64                            15F0C    15F0C       AA         0
                text63                            15404    15404      104         0
                text62                            12AE8    12AE8      426         0
                text61                            16DB6    16DB6       38         0
                text60                            121A0    121A0      4B6         0
                text59                            16C04    16C04       46         0
                text58                            152FE    152FE      106         0
                text57                            15508    15508       F8         0
                text56                            13BCA    13BCA      212         0
                text55                            1697C    1697C       56         0
                text54                            16D08    16D08       3C         0
                text53                            11036    11036      A44         0
                text52                            15A68    15A68       CA         0
                text51                            148E8    148E8      19A         0
                text50                            15FB6    15FB6       A4         0
                text49                            1632A    1632A       88         0
                text48                            14D5A    14D5A      150         0
                text47                            14C02    14C02      158         0
                text46                            11A7A    11A7A      726         0
                text45                            16A7E    16A7E       52         0
                text44                            16FCE    16FCE       28         0
                text43                            16B6C    16B6C       4C         0
                text42                            16720    16720       6A         0
                text41                            12656    12656      492         0
                text40                            13FE0    13FE0      202         0
                text39                            1685A    1685A       66         0
                text38                            14EAA    14EAA      12C         0
                text37                            1705A    1705A       18         0
                text36                            168C0    168C0       62         0
                text35                            1678A    1678A       68         0
                text34                            16C8C    16C8C       3E         0
                text33                            16B20    16B20       4C         0
                text32                            16EF0    16EF0       30         0
                text31                            16538    16538       7E         0
                text30                            150EA    150EA      10A         0
                text29                            13950    13950      27A         0
                text28                            160F2    160F2       96         0
                text27                            16216    16216       8A         0
                text26                            12F0E    12F0E      412         0
                text25                            16E58    16E58       34         0
                text24                            164BA    164BA       7E         0
                text23                            14FD6    14FD6      114         0
                text22                            16436    16436       84         0
                text21                            15CC0    15CC0       C4         0
                text20                            16FF6    16FF6       26         0
                text19                            14594    14594      1B4         0
                text18                            16F4E    16F4E       2C         0
                text17                            16A2A    16A2A       54         0
                text16                            1701C    1701C       22         0
                text15                            16F20    16F20       2E         0
                text14                            10000    10000     1036         0
                text13                            141E2    141E2      1DA         0
                text12                            13DDC    13DDC      204         0
                text11                            15BFC    15BFC       C4         0
                text10                            136AE    136AE      2A2         0
                text9                             158C0    158C0       D8         0
                text8                             166A8    166A8       78         0
                text7                             15600    15600       EC         0
                text6                             16630    16630       78         0
                text5                             16FA4    16FA4       2A         0
                text4                             16F7A    16F7A       2A         0
                text3                             16EC0    16EC0       30         0
                text2                             16D7E    16D7E       38         0
                text1                             16E24    16E24       34         0
                text0                             156EC    156EC       EA         0
                cinit                             163B2    163B2       84         0

        CLASS   CONST          

        CLASS   SMALLCONST     

        CLASS   MEDIUMCONST    
                mediumconst                        FBAE     FBAE      452         0

        CLASS   COMRAM         
                cstackCOMRAM                        501      501       57         1
                bssCOMRAM                           558      558        4         1

        CLASS   ABS1           

        CLASS   BIGRAM         
                bssBIGRAM                           B00      B00      410         1

        CLASS   RAM            

        CLASS   BANK5          
                cstackBANK5                         560      560       9D         1
                bssBANK5                            5FD      5FD        3         1

        CLASS   BANK6          
                cstackBANK6                         6EF      6EF        A         1
                bssBANK6                            600      600       EF         1

        CLASS   BANK7          
                bssBANK7                            700      700       D8         1

        CLASS   BANK8          
                bssBANK8                            800      800       C8         1

        CLASS   BANK9          
                bssBANK9                            900      900      100         1

        CLASS   BANK10         
                bssBANK10                           A00      A00      100         1

        CLASS   BANK11         

        CLASS   BANK12         

        CLASS   BANK13         

        CLASS   BANK14         

        CLASS   BANK15         

        CLASS   BANK16         

        CLASS   BANK17         

        CLASS   BANK18         

        CLASS   BANK19         

        CLASS   BANK20         

        CLASS   BANK21         

        CLASS   BANK22         

        CLASS   BANK23         

        CLASS   BANK24         

        CLASS   BANK25         

        CLASS   BANK26         

        CLASS   BANK27         

        CLASS   BANK28         

        CLASS   BANK29         

        CLASS   BANK30         

        CLASS   BANK31         

        CLASS   BANK32         

        CLASS   BANK33         

        CLASS   BANK34         

        CLASS   BANK35         

        CLASS   BANK36         

        CLASS   BANK37         

        CLASS   BANK38         

        CLASS   BANK39         

        CLASS   BANK40         

        CLASS   BANK41         

        CLASS   BANK42         

        CLASS   BANK43         

        CLASS   BANK44         

        CLASS   BANK45         

        CLASS   BANK46         

        CLASS   BANK47         

        CLASS   BANK48         

        CLASS   BANK49         

        CLASS   BANK50         

        CLASS   BANK51         

        CLASS   BANK52         

        CLASS   BANK53         

        CLASS   BANK54         

        CLASS   SFR            

        CLASS   BIGSFR         

        CLASS   CONFIG         
                config                           300000   300000        5         4

        CLASS   IDLOC          

        CLASS   EEDATA         

        CLASS   FARRAM         

        CLASS   HEAP           

        CLASS   STACK          



SEGMENTS        Name                           Load    Length   Top    Selector   Space  Class

                reset_vec                      000000  000004  000004         0       0  CODE    
                text91                         016924  0000AE  0169D2      5A49       0  CODE    
                text90                         0169D4  0006B6  01708A      5A75       0  CODE    
                text92                         01708C  00001C  0170A8      5C23       0  CODE    
                bssBIGRAM                      000B00  000410  000F10       B00       1  BIGRAM  
                text14                         010000  006922  016922      8000       0  CODE    
                ivt0x8                         000008  000106  00010E         4       0  CODE    
                cstackBANK5                    000560  0000A0  000600       560       1  BANK5   
                cstackCOMRAM                   000501  00005B  00055C       501       1  COMRAM  
                mediumconst                    00FBAE  000452  010000      7DD7       0  MEDIUMCO
                bssBANK6                       000600  0000F9  0006F9       600       1  BANK6   
                bssBANK10                      000A00  000100  000B00       A00       1  BANK10  
                bssBANK7                       000700  0000D8  0007D8       700       1  BANK7   
                bssBANK9                       000900  000100  000A00       900       1  BANK9   
                bssBANK8                       000800  0000C8  0008C8       800       1  BANK8   


UNUSED ADDRESS RANGES

        Name                Unused          Largest block    Delta
        BANK15           000F10-000FFF               F0
        BANK16           001000-0010FF              100
        BANK17           001100-0011FF              100
        BANK18           001200-0012FF              100
        BANK19           001300-0013FF              100
        BANK20           001400-0014FF              100
        BANK21           001500-0015FF              100
        BANK22           001600-0016FF              100
        BANK23           001700-0017FF              100
        BANK24           001800-0018FF              100
        BANK25           001900-0019FF              100
        BANK26           001A00-001AFF              100
        BANK27           001B00-001BFF              100
        BANK28           001C00-001CFF              100
        BANK29           001D00-001DFF              100
        BANK30           001E00-001EFF              100
        BANK31           001F00-001FFF              100
        BANK32           002000-0020FF              100
        BANK33           002100-0021FF              100
        BANK34           002200-0022FF              100
        BANK35           002300-0023FF              100
        BANK36           002400-0024FF              100
        BANK37           002500-0025FF              100
        BANK38           002600-0026FF              100
        BANK39           002700-0027FF              100
        BANK40           002800-0028FF              100
        BANK41           002900-0029FF              100
        BANK42           002A00-002AFF              100
        BANK43           002B00-002BFF              100
        BANK44           002C00-002CFF              100
        BANK45           002D00-002DFF              100
        BANK46           002E00-002EFF              100
        BANK47           002F00-002FFF              100
        BANK48           003000-0030FF              100
        BANK49           003100-0031FF              100
        BANK50           003200-0032FF              100
        BANK51           003300-0033FF              100
        BANK52           003400-0034FF              100
        BANK53           003500-0035FF              100
        BANK54           003600-0036FF              100
        BANK6            0006F9-0006FF                7
        BANK7            0007D8-0007FF               28
        BANK8            0008C8-0008FF               38
        BIGRAM           00055C-00055F                4
                         0006F9-0006FF                7
                         0007D8-0007FF               28
                         0008C8-0008FF               38
                         000F10-0036FF             27F0
        BIGSFR           000000-0004FF              500
                         003700-003FFF              900
        CODE             000004-000007                4
                         00010E-00FBAD             FAA0
                         016922-016923                2
                         0169D2-0169D3                2
                         01708A-01708B                2
                         0170A8-01FFFF             8F58
        COMRAM           00055C-00055F                4
        CONFIG           300005-300023               1F
        CONST            000004-000007                4
                         00010E-00FBAD             FAA0
                         016922-016923                2
                         0169D2-0169D3                2
                         01708A-01708B                2
                         0170A8-01FFFF             8F58
        EEDATA           380000-3803FF              400
        IDLOC            200000-20003F               40
        MEDIUMCONST      004000-00FBAD             BBAE
                         016922-016923                2
                         0169D2-0169D3                2
                         01708A-01708B                2
                         0170A8-01FFFF             8F58
        RAM              0006F9-0006FF                7
                         0007D8-0007FF               28
                         0008C8-0008FF               38
                         000F10-0036FF              100
        SFR              000000-0004FF              100
                         003700-003FFF              100
        SMALLCONST       004000-00FBAD              100
                         016922-016923                2
                         0169D2-0169D3                2
                         01708A-01708B                2
                         0170A8-01FFFF              100

                                  Symbol Table

?___aldiv                   cstackCOMRAM 000505
?___almod                   cstackCOMRAM 000505
?___fladd                   cstackCOMRAM 00051E
?___fldiv                   cstackCOMRAM 000505
?___flmul                   cstackCOMRAM 000513
?___flneg                   cstackCOMRAM 000505
?___flsub                   cstackCOMRAM 00052E
?___fltol                   cstackCOMRAM 00051E
?___fpclassifyf             cstackCOMRAM 000505
?___lldiv                   cstackCOMRAM 000505
?___llmod                   cstackCOMRAM 000505
?___lmul                    cstackCOMRAM 000505
?___strtoxl                 cstackCOMRAM 000511
?___wmul                    cstackCOMRAM 000505
?___xxtofl                  cstackCOMRAM 000505
?_abs                       cstackCOMRAM 00050F
?_fix_quality_str           cstackCOMRAM 000505
?_floorf                    cstackCOMRAM 00051E
?_isdigit                   cstackCOMRAM 000505
?_isxdigit                  cstackCOMRAM 000505
?_labs                      cstackCOMRAM 000505
?_millis                    cstackCOMRAM 000505
?_nanf                      cstackCOMRAM 000505
?_printf                    cstackBANK5  000592
?_read_prec_or_width        cstackCOMRAM 000505
?_sprintf                   cstackBANK5  000592
?_strchr                    cstackCOMRAM 000505
?_strcmp                    cstackCOMRAM 000505
?_strlen                    cstackCOMRAM 000505
?_strncmp                   cstackCOMRAM 000505
?_strstr                    cstackCOMRAM 00050C
?_strtof                    cstackCOMRAM 000538
?_to_decimal_degrees        cstackCOMRAM 000551
?_toupper                   cstackCOMRAM 000505
?_txq_peek                  cstackCOMRAM 000505
?_vfprintf                  cstackBANK5  00058C
BG95_Init@on_downlink       cstackCOMRAM 00050E
BG95_QueueDatagram@data     cstackCOMRAM 000510
BG95_QueueDatagram@len      cstackCOMRAM 000512
BG95_QueueDatagram@slot     cstackCOMRAM 000514
BG95_Task@r                 cstackBANK5  0005BC
GPS_Process@c               cstackBANK6  0006EF
IVTBASEH                    (abs)        00045E
IVTBASEL                    (abs)        00045D
IVTBASEU                    (abs)        00045F
UART1_Write@data            cstackCOMRAM 000505
UART2_RX_ISR@b              cstackCOMRAM 000501
UART2_RX_ISR@next           cstackCOMRAM 000502
UART2_TryReadByte@out       cstackCOMRAM 000505
UART3_RX_ISR@b              cstackCOMRAM 000503
UART3_RX_ISR@next           cstackCOMRAM 000504
UART3_TryReadByte@out       cstackCOMRAM 000505
UART3_Write@data            cstackCOMRAM 000505
UART3_WriteStr@s            cstackCOMRAM 000506
_ANSELAbits                 (abs)        000400
_ANSELDbits                 (abs)        000418
_ANSELFbits                 (abs)        000428
_BG95_Init                  text88       016CCA
_BG95_QueueDatagram         text85       0165B6
_BG95_Task                  text26       012F0E
_Clock_Init                 text25       016E58
_GPS_Process                text6        016630
_INTCON0bits                (abs)        0004D6
_LATAbits                   (abs)        0004BE
_OSCCON1bits                (abs)        0000AD
_OSCCON3bits                (abs)        0000AF
_OSCFRQbits                 (abs)        0000B1
_OSCSTATbits                (abs)        0000B2
_PIE3bits                   (abs)        0004A1
_PIE8bits                   (abs)        0004A6
_PIE9bits                   (abs)        0004A7
_PIR3bits                   (abs)        0004B1
_RA0PPS                     (abs)        000201
_RD0PPS                     (abs)        000219
_RF0PPS                     (abs)        000229
_T0CON0bits                 (abs)        00031A
_T0CON1bits                 (abs)        00031B
_TMR0H                      (abs)        000319
_TMR0L                      (abs)        000318
_TRISAbits                  (abs)        0004C6
_TRISDbits                  (abs)        0004C9
_TRISFbits                  (abs)        0004CB
_Timer0_ISR                 text92       01708C
_Timer0_Init                text5        016FA4
_U1BRG                      (abs)        0002AE
_U1CON0bits                 (abs)        0002AB
_U1CON1bits                 (abs)        0002AC
_U1FIFObits                 (abs)        0002B0
_U1RXPPS                    (abs)        000272
_U1TXB                      (abs)        0002A3
_U2BRG                      (abs)        0002C1
_U2CON0bits                 (abs)        0002BE
_U2CON1bits                 (abs)        0002BF
_U2ERRIRbits                (abs)        0002C5
_U2RXB                      (abs)        0002B4
_U2RXPPS                    (abs)        000274
_U3BRG                      (abs)        0002D4
_U3CON0bits                 (abs)        0002D1
_U3CON1bits                 (abs)        0002D2
_U3ERRIRbits                (abs)        0002D8
_U3FIFObits                 (abs)        0002D6
_U3RXB                      (abs)        0002C7
_U3RXPPS                    (abs)        000276
_U3TXB                      (abs)        0002C9
_UART1_Init                 text4        016F7A
_UART1_Write                text84       017072
_UART2_Init                 text3        016EC0
_UART2_RX_ISR               text90       0169D4
_UART2_TryReadByte          text2        016D7E
_UART3_Init                 text1        016E24
_UART3_RX_ISR               text91       016924
_UART3_TryReadByte          text83       016D44
_UART3_Write                text37       01705A
_UART3_WriteStr             text36       0168C0
__HRAM                      (abs)        000000
__H__absolute__             __absolute__ 000000
__Habs1                     abs1         000000
__Hbank10                   bank10       000000
__Hbank11                   bank11       000000
__Hbank12                   bank12       000000
__Hbank13                   bank13       000000
__Hbank14                   bank14       000000
__Hbank15                   bank15       000000
__Hbank16                   bank16       000000
__Hbank17                   bank17       000000
__Hbank18                   bank18       000000
__Hbank19                   bank19       000000
__Hbank20                   bank20       000000
__Hbank21                   bank21       000000
__Hbank22                   bank22       000000
__Hbank23                   bank23       000000
__Hbank24                   bank24       000000
__Hbank25                   bank25       000000
__Hbank26                   bank26       000000
__Hbank27                   bank27       000000
__Hbank28                   bank28       000000
__Hbank29                   bank29       000000
__Hbank30                   bank30       000000
__Hbank31                   bank31       000000
__Hbank32                   bank32       000000
__Hbank33                   bank33       000000
__Hbank34                   bank34       000000
__Hbank35                   bank35       000000
__Hbank36                   bank36       000000
__Hbank37                   bank37       000000
__Hbank38                   bank38       000000
__Hbank39                   bank39       000000
__Hbank40                   bank40       000000
__Hbank41                   bank41       000000
__Hbank42                   bank42       000000
__Hbank43                   bank43       000000
__Hbank44                   bank44       000000
__Hbank45                   bank45       000000
__Hbank46                   bank46       000000
__Hbank47                   bank47       000000
__Hbank48                   bank48       000000
__Hbank49                   bank49       000000
__Hbank5                    bank5        000000
__Hbank50                   bank50       000000
__Hbank51                   bank51       000000
__Hbank52                   bank52       000000
__Hbank53                   bank53       000000
__Hbank54                   bank54       000000
__Hbank6                    bank6        000000
__Hbank7                    bank7        000000
__Hbank8                    bank8        000000
__Hbank9                    bank9        000000
__Hbigbss                   bigbss       000000
__Hbigdata                  bigdata      000000
__Hbigram                   bigram       000000
__Hbigsfr                   bigsfr       000000
__Hbss                      bss          000000
__HbssBANK10                bssBANK10    000000
__HbssBANK5                 bssBANK5     000000
__HbssBANK6                 bssBANK6     000000
__HbssBANK7                 bssBANK7     000000
__HbssBANK8                 bssBANK8     000000
__HbssBANK9                 bssBANK9     000000
__HbssBIGRAM                bssBIGRAM    000000
__HbssCOMRAM                bssCOMRAM    000000
__Hcinit                    cinit        000000
__Hclrtext                  clrtext      000000
__Hcomram                   comram       000000
__Hconfig                   config       300005
__Hconst                    const        000000
__HcstackBANK5              cstackBANK5  000000
__HcstackBANK6              cstackBANK6  000000
__HcstackCOMRAM             cstackCOMRAM 000000
__Hdata                     data         000000
__Heeprom_data              eeprom_data  000000
__Hfarbss                   farbss       000000
__Hfardata                  fardata      000000
__Hheap                     heap         000000
__Hibigdata                 ibigdata     000000
__Hidata                    idata        000000
__Hidloc                    idloc        000000
__Hifardata                 ifardata     000000
__Hinit                     init         00010E
__Hintsave_regs             intsave_regs 000000
__Hirdata                   irdata       000000
__Hivt0x8                   ivt0x8       00010A
__Hmediumconst              mediumconst  010000
__HnvFARRAM                 nvFARRAM     000000
__Hnvbit                    nvbit        000000
__Hnvrram                   nvrram       000000
__Hparam                    rparam       000000
__Hpowerup                  powerup      000000
__Hram                      ram          000000
__Hramtop                   ramtop       004000
__Hrbit                     rbit         000000
__Hrbss                     rbss         000000
__Hrdata                    rdata        000000
__Hreset_vec                reset_vec    000004
__Hrparam                   rparam       000000
__Hsfr                      sfr          000000
__Hsmallconst               smallconst   000000
__Hspace_0                  (abs)        0170A8
__Hspace_1                  (abs)        000F10
__Hspace_2                  (abs)        000000
__Hspace_4                  (abs)        600005
__Hstack                    stack        000000
__Hstruct                   struct       000000
__Htemp                     temp         000000
__Htext                     text         000000
__Htext0                    text0        000000
__Htext1                    text1        000000
__Htext10                   text10       000000
__Htext11                   text11       000000
__Htext12                   text12       000000
__Htext13                   text13       000000
__Htext14                   text14       000000
__Htext15                   text15       000000
__Htext16                   text16       000000
__Htext17                   text17       000000
__Htext18                   text18       000000
__Htext19                   text19       000000
__Htext2                    text2        000000
__Htext20                   text20       000000
__Htext21                   text21       000000
__Htext22                   text22       000000
__Htext23                   text23       000000
__Htext24                   text24       000000
__Htext25                   text25       000000
__Htext26                   text26       000000
__Htext27                   text27       000000
__Htext28                   text28       000000
__Htext29                   text29       000000
__Htext3                    text3        000000
__Htext30                   text30       000000
__Htext31                   text31       000000
__Htext32                   text32       000000
__Htext33                   text33       000000
__Htext34                   text34       000000
__Htext35                   text35       000000
__Htext36                   text36       000000
__Htext37                   text37       000000
__Htext38                   text38       000000
__Htext39                   text39       000000
__Htext4                    text4        000000
__Htext40                   text40       000000
__Htext41                   text41       000000
__Htext42                   text42       000000
__Htext43                   text43       000000
__Htext44                   text44       000000
__Htext45                   text45       000000
__Htext46                   text46       000000
__Htext47                   text47       000000
__Htext48                   text48       000000
__Htext49                   text49       000000
__Htext5                    text5        000000
__Htext50                   text50       000000
__Htext51                   text51       000000
__Htext52                   text52       000000
__Htext53                   text53       000000
__Htext54                   text54       000000
__Htext55                   text55       000000
__Htext56                   text56       000000
__Htext57                   text57       000000
__Htext58                   text58       000000
__Htext59                   text59       000000
__Htext6                    text6        000000
__Htext60                   text60       000000
__Htext61                   text61       000000
__Htext62                   text62       000000
__Htext63                   text63       000000
__Htext64                   text64       000000
__Htext65                   text65       000000
__Htext66                   text66       000000
__Htext67                   text67       000000
__Htext68                   text68       000000
__Htext69                   text69       000000
__Htext7                    text7        000000
__Htext70                   text70       000000
__Htext71                   text71       000000
__Htext72                   text72       000000
__Htext73                   text73       000000
__Htext74                   text74       000000
__Htext75                   text75       000000
__Htext76                   text76       000000
__Htext77                   text77       000000
__Htext78                   text78       000000
__Htext79                   text79       000000
__Htext8                    text8        000000
__Htext80                   text80       000000
__Htext81                   text81       000000
__Htext82                   text82       000000
__Htext83                   text83       000000
__Htext84                   text84       000000
__Htext85                   text85       000000
__Htext86                   text86       000000
__Htext87                   text87       000000
__Htext88                   text88       000000
__Htext89                   text89       000000
__Htext9                    text9        000000
__Htext90                   text90       000000
__Htext91                   text91       000000
__Htext92                   text92       000000
__LRAM                      (abs)        000001
__L__absolute__             __absolute__ 000000
__Labs1                     abs1         000000
__Lbank10                   bank10       000000
__Lbank11                   bank11       000000
__Lbank12                   bank12       000000
__Lbank13                   bank13       000000
__Lbank14                   bank14       000000
__Lbank15                   bank15       000000
__Lbank16                   bank16       000000
__Lbank17                   bank17       000000
__Lbank18                   bank18       000000
__Lbank19                   bank19       000000
__Lbank20                   bank20       000000
__Lbank21                   bank21       000000
__Lbank22                   bank22       000000
__Lbank23                   bank23       000000
__Lbank24                   bank24       000000
__Lbank25                   bank25       000000
__Lbank26                   bank26       000000
__Lbank27                   bank27       000000
__Lbank28                   bank28       000000
__Lbank29                   bank29       000000
__Lbank30                   bank30       000000
__Lbank31                   bank31       000000
__Lbank32                   bank32       000000
__Lbank33                   bank33       000000
__Lbank34                   bank34       000000
__Lbank35                   bank35       000000
__Lbank36                   bank36       000000
__Lbank37                   bank37       000000
__Lbank38                   bank38       000000
__Lbank39                   bank39       000000
__Lbank40                   bank40       000000
__Lbank41                   bank41       000000
__Lbank42                   bank42       000000
__Lbank43                   bank43       000000
__Lbank44                   bank44       000000
__Lbank45                   bank45       000000
__Lbank46                   bank46       000000
__Lbank47                   bank47       000000
__Lbank48                   bank48       000000
__Lbank49                   bank49       000000
__Lbank5                    bank5        000000
__Lbank50                   bank50       000000
__Lbank51                   bank51       000000
__Lbank52                   bank52       000000
__Lbank53                   bank53       000000
__Lbank54                   bank54       000000
__Lbank6                    bank6        000000
__Lbank7                    bank7        000000
__Lbank8                    bank8        000000
__Lbank9                    bank9        000000
__Lbigbss                   bigbss       000000
__Lbigdata                  bigdata      000000
__Lbigram                   bigram       000000
__Lbigsfr                   bigsfr       000000
__Lbss                      bss          000000
__LbssBANK10                bssBANK10    000000
__LbssBANK5                 bssBANK5     000000
__LbssBANK6                 bssBANK6     000000
__LbssBANK7                 bssBANK7     000000
__LbssBANK8                 bssBANK8     000000
__LbssBANK9                 bssBANK9     000000
__LbssBIGRAM                bssBIGRAM    000000
__LbssCOMRAM                bssCOMRAM    000000
__Lcinit                    cinit        000000
__Lclrtext                  clrtext      000000
__Lcomram                   comram       000000
__Lconfig                   config       000000
__Lconst                    const        000000
__LcstackBANK5              cstackBANK5  000000
__LcstackBANK6              cstackBANK6  000000
__LcstackCOMRAM             cstackCOMRAM 000000
__Ldata                     data         000000
__Leeprom_data              eeprom_data  000000
__Lfarbss                   farbss       000000
__Lfardata                  fardata      000000
__Lheap                     heap         000000
__Libigdata                 ibigdata     000000
__Lidata                    idata        000000
__Lidloc                    idloc        000000
__Lifardata                 ifardata     000000
__Linit                     init         00010A
__Lintsave_regs             intsave_regs 000000
__Lirdata                   irdata       000000
__Livt0x8                   ivt0x8       000008
__Lmediumconst              mediumconst  00FBAE
__LnvFARRAM                 nvFARRAM     000000
__Lnvbit                    nvbit        000000
__Lnvrram                   nvrram       000000
__Lparam                    rparam       000000
__Lpowerup                  powerup      000000
__Lram                      ram          000000
__Lramtop                   ramtop       004000
__Lrbit                     rbit         000000
__Lrbss                     rbss         000000
__Lrdata                    rdata        000000
__Lreset_vec                reset_vec    000000
__Lrparam                   rparam       000000
__Lsfr                      sfr          000000
__Lsmallconst               smallconst   000000
__Lspace_0                  (abs)        000000
__Lspace_1                  (abs)        000000
__Lspace_2                  (abs)        000000
__Lspace_4                  (abs)        000000
__Lstack                    stack        000000
__Lstruct                   struct       000000
__Ltemp                     temp         000000
__Ltext                     text         000000
__Ltext0                    text0        000000
__Ltext1                    text1        000000
__Ltext10                   text10       000000
__Ltext11                   text11       000000
__Ltext12                   text12       000000
__Ltext13                   text13       000000
__Ltext14                   text14       000000
__Ltext15                   text15       000000
__Ltext16                   text16       000000
__Ltext17                   text17       000000
__Ltext18                   text18       000000
__Ltext19                   text19       000000
__Ltext2                    text2        000000
__Ltext20                   text20       000000
__Ltext21                   text21       000000
__Ltext22                   text22       000000
__Ltext23                   text23       000000
__Ltext24                   text24       000000
__Ltext25                   text25       000000
__Ltext26                   text26       000000
__Ltext27                   text27       000000
__Ltext28                   text28       000000
__Ltext29                   text29       000000
__Ltext3                    text3        000000
__Ltext30                   text30       000000
__Ltext31                   text31       000000
__Ltext32                   text32       000000
__Ltext33                   text33       000000
__Ltext34                   text34       000000
__Ltext35                   text35       000000
__Ltext36                   text36       000000
__Ltext37                   text37       000000
__Ltext38                   text38       000000
__Ltext39                   text39       000000
__Ltext4                    text4        000000
__Ltext40                   text40       000000
__Ltext41                   text41       000000
__Ltext42                   text42       000000
__Ltext43                   text43       000000
__Ltext44                   text44       000000
__Ltext45                   text45       000000
__Ltext46                   text46       000000
__Ltext47                   text47       000000
__Ltext48                   text48       000000
__Ltext49                   text49       000000
__Ltext5                    text5        000000
__Ltext50                   text50       000000
__Ltext51                   text51       000000
__Ltext52                   text52       000000
__Ltext53                   text53       000000
__Ltext54                   text54       000000
__Ltext55                   text55       000000
__Ltext56                   text56       000000
__Ltext57                   text57       000000
__Ltext58                   text58       000000
__Ltext59                   text59       000000
__Ltext6                    text6        000000
__Ltext60                   text60       000000
__Ltext61                   text61       000000
__Ltext62                   text62       000000
__Ltext63                   text63       000000
__Ltext64                   text64       000000
__Ltext65                   text65       000000
__Ltext66                   text66       000000
__Ltext67                   text67       000000
__Ltext68                   text68       000000
__Ltext69                   text69       000000
__Ltext7                    text7        000000
__Ltext70                   text70       000000
__Ltext71                   text71       000000
__Ltext72                   text72       000000
__Ltext73                   text73       000000
__Ltext74                   text74       000000
__Ltext75                   text75       000000
__Ltext76                   text76       000000
__Ltext77                   text77       000000
__Ltext78                   text78       000000
__Ltext79                   text79       000000
__Ltext8                    text8        000000
__Ltext80                   text80       000000
__Ltext81                   text81       000000
__Ltext82                   text82       000000
__Ltext83                   text83       000000
__Ltext84                   text84       000000
__Ltext85                   text85       000000
__Ltext86                   text86       000000
__Ltext87                   text87       000000
__Ltext88                   text88       000000
__Ltext89                   text89       000000
__Ltext9                    text9        000000
__Ltext90                   text90       000000
__Ltext91                   text91       000000
__Ltext92                   text92       000000
__S0                        (abs)        0170A8
__S1                        (abs)        000F10
__S4                        (abs)        000000
__S5                        (abs)        000000
___aldiv                    text71       0151F4
___aldiv@counter            cstackCOMRAM 00050D
___aldiv@dividend           cstackCOMRAM 000505
___aldiv@divisor            cstackCOMRAM 000509
___aldiv@quotient           cstackCOMRAM 00050F
___aldiv@sign               cstackCOMRAM 00050E
___almod                    text70       0157D6
___almod@counter            cstackCOMRAM 00050D
___almod@dividend           cstackCOMRAM 000505
___almod@divisor            cstackCOMRAM 000509
___almod@sign               cstackCOMRAM 00050E
___fladd                    text60       0121A0
___fladd@a                  cstackCOMRAM 000522
___fladd@aexp               cstackCOMRAM 00052B
___fladd@b                  cstackCOMRAM 00051E
___fladd@bexp               cstackCOMRAM 00052C
___fladd@grs                cstackCOMRAM 00052D
___fladd@signs              cstackCOMRAM 00052A
___fldiv                    text65       013320
___fldiv@a                  cstackCOMRAM 000509
___fldiv@aexp               cstackCOMRAM 00051D
___fldiv@b                  cstackCOMRAM 000505
___fldiv@bexp               cstackCOMRAM 00051C
___fldiv@grs                cstackCOMRAM 000518
___fldiv@new_exp            cstackCOMRAM 000516
___fldiv@rem                cstackCOMRAM 000511
___fldiv@sign               cstackCOMRAM 000515
___fleq                     text64       015F0C
___fleq@ff1                 cstackCOMRAM 000505
___fleq@ff2                 cstackCOMRAM 000509
___flge                     text63       015404
___flge@ff1                 cstackCOMRAM 00052C
___flge@ff2                 cstackCOMRAM 000530
___flmul                    text62       012AE8
___flmul@a                  cstackCOMRAM 000517
___flmul@aexp               cstackCOMRAM 000520
___flmul@b                  cstackCOMRAM 000513
___flmul@bexp               cstackCOMRAM 000525
___flmul@grs                cstackCOMRAM 000521
___flmul@prod               cstackCOMRAM 000526
___flmul@sign               cstackCOMRAM 00051F
___flmul@temp               cstackCOMRAM 00052A
___flneg                    text61       016DB6
___flneg@f1                 cstackCOMRAM 000505
___flsub                    text59       016C04
___flsub@a                  cstackCOMRAM 000532
___flsub@b                  cstackCOMRAM 00052E
___fltol                    text58       0152FE
___fltol@exp1               cstackCOMRAM 000527
___fltol@f1                 cstackCOMRAM 00051E
___fltol@sign1              cstackCOMRAM 000526
___fpclassifyf              text57       015508
___fpclassifyf@F465         bssBANK6     00060D
___fpclassifyf@e            cstackCOMRAM 00050D
___fpclassifyf@u            cstackCOMRAM 00050F
___fpclassifyf@x            cstackCOMRAM 000505
___heap_hi                  (abs)        000000
___heap_lo                  (abs)        000000
___inthi_sp                 stack        000000
___inthi_stack_hi           stack        000000
___inthi_stack_lo           stack        000000
___intlo_sp                 stack        000000
___intlo_stack_hi           stack        000000
___intlo_stack_lo           stack        000000
___lldiv                    text50       015FB6
___lldiv@counter            cstackCOMRAM 000511
___lldiv@dividend           cstackCOMRAM 000505
___lldiv@divisor            cstackCOMRAM 000509
___lldiv@quotient           cstackCOMRAM 00050D
___llmod                    text49       01632A
___llmod@counter            cstackCOMRAM 00050D
___llmod@dividend           cstackCOMRAM 000505
___llmod@divisor            cstackCOMRAM 000509
___lmul                     text42       016720
___lmul@multiplicand        cstackCOMRAM 000509
___lmul@multiplier          cstackCOMRAM 000505
___lmul@product             cstackCOMRAM 00050D
___param_bank               (abs)        000000
___rparam_used              (abs)        000001
___sp                       stack        000000
___stack_hi                 stack        000000
___stack_lo                 stack        000000
___strtoxl                  text41       012656
___strtoxl$2274             cstackCOMRAM 00051F
___strtoxl$2275             cstackCOMRAM 000521
___strtoxl@a                cstackCOMRAM 000528
___strtoxl@base             cstackCOMRAM 000515
___strtoxl@c                cstackCOMRAM 00052E
___strtoxl@cp               cstackCOMRAM 00052C
___strtoxl@endptr           cstackCOMRAM 000513
___strtoxl@flags            cstackCOMRAM 000527
___strtoxl@is_signed        cstackCOMRAM 000517
___strtoxl@limit            cstackCOMRAM 000523
___strtoxl@prev_a           cstackCOMRAM 00051B
___strtoxl@s                cstackCOMRAM 000511
___wmul                     text20       016FF6
___wmul@multiplicand        cstackCOMRAM 000507
___wmul@multiplier          cstackCOMRAM 000505
___wmul@product             cstackCOMRAM 000509
___xxtofl                   text19       014594
___xxtofl@arg               cstackCOMRAM 00050F
___xxtofl@exp               cstackCOMRAM 00050E
___xxtofl@sign              cstackCOMRAM 00050D
___xxtofl@val               cstackCOMRAM 000505
__accesstop                 (abs)        000560
__activetblptr              (abs)        000003
__end_of_BG95_Init          text88       016D08
__end_of_BG95_QueueDatagram text85       016630
__end_of_BG95_Task          text26       013320
__end_of_Clock_Init         text25       016E8C
__end_of_GPS_Process        text6        0166A8
__end_of_Timer0_ISR         text92       01709E
__end_of_Timer0_Init        text5        016FCE
__end_of_UART1_Init         text4        016FA4
__end_of_UART1_Write        text84       01708A
__end_of_UART2_Init         text3        016EF0
__end_of_UART2_RX_ISR       text90       016A2A
__end_of_UART2_TryReadByte  text2        016DB6
__end_of_UART3_Init         text1        016E58
__end_of_UART3_RX_ISR       text91       01697C
__end_of_UART3_TryReadByte  text83       016D7E
__end_of_UART3_Write        text37       017072
__end_of_UART3_WriteStr     text36       016922
__end_of___aldiv            text71       0152FE
__end_of___almod            text70       0158C0
__end_of___fladd            text60       012656
__end_of___fldiv            text65       0136AE
__end_of___fleq             text64       015FB6
__end_of___flge             text63       015508
__end_of___flmul            text62       012F0E
__end_of___flneg            text61       016DEE
__end_of___flsub            text59       016C4A
__end_of___fltol            text58       015404
__end_of___fpclassifyf      text57       015600
__end_of___lldiv            text50       01605A
__end_of___llmod            text49       0163B2
__end_of___lmul             text42       01678A
__end_of___strtoxl          text41       012AE8
__end_of___wmul             text20       01701C
__end_of___xxtofl           text19       014748
__end_of__initialization    cinit        016430
__end_of_abs                text69       016EC0
__end_of_at_poll            text75       01632A
__end_of_at_submit          text34       016CCA
__end_of_at_wait            text35       0167F2
__end_of_begin_head_send    text31       0165B6
__end_of_bg95_handle_urc    text78       016216
__end_of_bg95_pump          text76       0148E8
__end_of_checksum_ok        text23       0150EA
__end_of_ctoa               text72       015E48
__end_of_dtoa               text66       014594
__end_of_efgtoa             text53       011A7A
__end_of_enter_backoff      text43       016BB8
__end_of_fix_quality_str    text22       0164BA
__end_of_floorf             text56       013DDC
__end_of_fputc              text73       015BFC
__end_of_fputs              text68       016C8C
__end_of_hex_val            text24       016538
__end_of_isdigit            text18       016F7A
__end_of_isxdigit           text17       016A7E
__end_of_labs               text55       0169D2
__end_of_main               text0        0157D6
__end_of_memcpy             text87       01685A
__end_of_memmove            text77       014C02
__end_of_millis             text89       016E24
__end_of_nanf               text16       01703E
__end_of_on_downlink        text39       0168C0
__end_of_pad                text67       0160F2
__end_of_parse_gga          text12       013FE0
__end_of_parse_line         text7        0156EC
__end_of_parse_qcsq         text40       0141E2
__end_of_parse_qird         text38       014FD6
__end_of_parse_rmc          text10       013950
__end_of_print_date         text11       015CC0
__end_of_print_time         text21       015D84
__end_of_printf             text44       016FF6
__end_of_putch              text74       0170A8
__end_of_read_prec_or_width text52       015B32
__end_of_ready_service      text30       0151F4
__end_of_ready_task         text29       013BCA
__end_of_split_fields       text9        015998
__end_of_sprintf            text33       016B6C
__end_of_step               text28       016188
__end_of_step_optional      text27       0162A0
__end_of_stoa               text51       014A82
__end_of_strchr             text82       016C04
__end_of_strcmp             text8        016720
__end_of_strcpy             text54       016D44
__end_of_strlen             text81       016B20
__end_of_strncmp            text80       015A68
__end_of_strstr             text79       015F0C
__end_of_strtof             text14       011036
__end_of_to_decimal_degrees text13       0143BC
__end_of_toupper            text15       016F4E
__end_of_txq_peek           text32       016F20
__end_of_txq_pop            text86       01705A
__end_of_utoa               text48       014EAA
__end_of_vfpfcnvrt          text46       0121A0
__end_of_vfprintf           text45       016AD0
__end_of_xtoa               text47       014D5A
__end_ofmain@payload        mediumconst  00FBBD
__initialization            cinit        0163B2
__mediumconst               mediumconst  00FBAE
__pbssBANK10                bssBANK10    000A00
__pbssBANK5                 bssBANK5     0005FD
__pbssBANK6                 bssBANK6     000600
__pbssBANK7                 bssBANK7     000700
__pbssBANK8                 bssBANK8     000800
__pbssBANK9                 bssBANK9     000900
__pbssBIGRAM                bssBIGRAM    000B00
__pbssCOMRAM                bssCOMRAM    000558
__pcinit                    cinit        0163B2
__pcstackBANK5              cstackBANK5  000560
__pcstackBANK6              cstackBANK6  0006EF
__pcstackCOMRAM             cstackCOMRAM 000501
__pivt0x8                   ivt0x8       000008
__pmediumconst              mediumconst  00FBAE
__ptext0                    text0        0156EC
__ptext1                    text1        016E24
__ptext10                   text10       0136AE
__ptext11                   text11       015BFC
__ptext12                   text12       013DDC
__ptext13                   text13       0141E2
__ptext14                   text14       010000
__ptext15                   text15       016F20
__ptext16                   text16       01701C
__ptext17                   text17       016A2A
__ptext18                   text18       016F4E
__ptext19                   text19       014594
__ptext2                    text2        016D7E
__ptext20                   text20       016FF6
__ptext21                   text21       015CC0
__ptext22                   text22       016436
__ptext23                   text23       014FD6
__ptext24                   text24       0164BA
__ptext25                   text25       016E58
__ptext26                   text26       012F0E
__ptext27                   text27       016216
__ptext28                   text28       0160F2
__ptext29                   text29       013950
__ptext3                    text3        016EC0
__ptext30                   text30       0150EA
__ptext31                   text31       016538
__ptext32                   text32       016EF0
__ptext33                   text33       016B20
__ptext34                   text34       016C8C
__ptext35                   text35       01678A
__ptext36                   text36       0168C0
__ptext37                   text37       01705A
__ptext38                   text38       014EAA
__ptext39                   text39       01685A
__ptext4                    text4        016F7A
__ptext40                   text40       013FE0
__ptext41                   text41       012656
__ptext42                   text42       016720
__ptext43                   text43       016B6C
__ptext44                   text44       016FCE
__ptext45                   text45       016A7E
__ptext46                   text46       011A7A
__ptext47                   text47       014C02
__ptext48                   text48       014D5A
__ptext49                   text49       01632A
__ptext5                    text5        016FA4
__ptext50                   text50       015FB6
__ptext51                   text51       0148E8
__ptext52                   text52       015A68
__ptext53                   text53       011036
__ptext54                   text54       016D08
__ptext55                   text55       01697C
__ptext56                   text56       013BCA
__ptext57                   text57       015508
__ptext58                   text58       0152FE
__ptext59                   text59       016C04
__ptext6                    text6        016630
__ptext60                   text60       0121A0
__ptext61                   text61       016DB6
__ptext62                   text62       012AE8
__ptext63                   text63       015404
__ptext64                   text64       015F0C
__ptext65                   text65       013320
__ptext66                   text66       0143BC
__ptext67                   text67       01605A
__ptext68                   text68       016C4A
__ptext69                   text69       016E8C
__ptext7                    text7        015600
__ptext70                   text70       0157D6
__ptext71                   text71       0151F4
__ptext72                   text72       015D84
__ptext73                   text73       015B32
__ptext74                   text74       01709E
__ptext75                   text75       0162A0
__ptext76                   text76       014748
__ptext77                   text77       014A82
__ptext78                   text78       016188
__ptext79                   text79       015E48
__ptext8                    text8        0166A8
__ptext80                   text80       015998
__ptext81                   text81       016AD0
__ptext82                   text82       016BB8
__ptext83                   text83       016D44
__ptext84                   text84       017072
__ptext85                   text85       0165B6
__ptext86                   text86       01703E
__ptext87                   text87       0167F2
__ptext88                   text88       016CCA
__ptext89                   text89       016DEE
__ptext9                    text9        0158C0
__ptext90                   text90       0169D4
__ptext91                   text91       016924
__ptext92                   text92       01708C
__ramtop                    ramtop       004000
__smallconst                mediumconst  00FBAE
_abs                        text69       016E8C
_at_buf                     bssBANK8     000800
_at_done_ok                 bssBANK6     00063C
_at_err                     bssBANK6     00062C
_at_expect                  bssBANK6     00062E
_at_len                     bssBANK6     000630
_at_poll                    text75       0162A0
_at_start                   bssBANK6     00061D
_at_state                   bssBANK6     00063D
_at_submit                  text34       016C8C
_at_timeout                 bssBANK6     000619
_at_wait                    text35       01678A
_backoff_next               bssBANK6     000633
_backoff_until              bssBANK6     000611
_begin_head_send            text31       016538
_bg95_handle_urc            text78       016188
_bg95_pump                  text76       014748
_checksum_ok                text23       014FD6
_cmd_active                 bssBANK6     000634
_cmd_buf                    bssBANK6     00063F
_ctoa                       text72       015D84
_dbuf                       bssBANK6     00069F
_downlink_cb                bssBANK6     000625
_dtoa                       text66       0143BC
_dtoa$2410                  cstackCOMRAM 000526
_efgtoa                     text53       011036
_efgtoa$2441                cstackBANK5  000566
_enter_backoff              text43       016B6C
_errno                      bssBANK6     00062A
_fix_quality_str            text22       016436
_flags                      bssCOMRAM    000558
_floorf                     text56       013BCA
_fputc                      text73       015B32
_fputs                      text68       016C4A
_g_millis                   bssBANK6     000621
_hex_val                    text24       0164BA
_isdigit                    text18       016F4E
_isxdigit                   text17       016A2A
_isxdigit$2690              cstackCOMRAM 00050B
_labs                       text55       01697C
_last_qcsq_ms               bssBANK6     000615
_line                       bssBANK7     000700
_line@bg95$F1494            bssBANK7     000778
_line_len                   bssBANK6     00063E
_line_len@bg95$F1495        bssBANK6     000639
_link_drop                  bssBANK6     00063A
_main                       text0        0156EC
_memcpy                     text87       0167F2
_memmove                    text77       014A82
_millis                     text89       016DEE
_nanf                       text16       01701C
_on_downlink                text39       01685A
_pad                        text67       01605A
_parse_gga                  text12       013DDC
_parse_gga$1329             cstackBANK5  0005BB
_parse_line                 text7        015600
_parse_qcsq                 text40       013FE0
_parse_qird                 text38       014EAA
_parse_rmc                  text10       0136AE
_parse_rmc$1298             cstackBANK5  0005BE
_pending_recv               bssBANK6     00063B
_prec                       bssBANK5     0005FD
_print_date                 text11       015BFC
_print_time                 text21       015CC0
_printf                     text44       016FCE
_putch                      text74       01709E
_read_prec_or_width         text52       015A68
_ready_service              text30       0150EA
_ready_sub                  bssBANK6     000635
_ready_task                 text29       013950
_rx_buf                     bssBANK9     000900
_rx_buf@uart3$F948          bssBANK10    000A00
_rx_head                    bssCOMRAM    00055B
_rx_head@uart3$F949         bssBANK5     0005FF
_rx_tail                    bssCOMRAM    00055A
_rx_tail@uart3$F950         bssCOMRAM    000559
_send_repeats               bssBANK6     000632
_signal_snapshot            bssBANK6     000600
_split_fields               text9        0158C0
_sprintf                    text33       016B20
_state                      bssBANK6     000636
_step                       text28       0160F2
_step_optional              text27       016216
_stoa                       text51       0148E8
_strchr                     text82       016BB8
_strcmp                     text8        0166A8
_strcpy                     text54       016D08
_strlen                     text81       016AD0
_strncmp                    text80       015998
_strstr                     text79       015E48
_strtof                     text14       010000
_to_decimal_degrees         text13       0141E2
_toupper                    text15       016F20
_txq                        bssBIGRAM    000B00
_txq_count                  bssBANK6     000637
_txq_head                   bssBANK6     000638
_txq_peek                   text32       016EF0
_txq_pop                    text86       01703E
_utoa                       text48       014D5A
_vfpfcnvrt                  text46       011A7A
_vfprintf                   text45       016A7E
_width                      bssBANK6     000628
_xtoa                       text47       014C02
abs@a                       cstackCOMRAM 00050F
at_submit@cmd               cstackCOMRAM 000516
at_submit@err               cstackCOMRAM 00051A
at_submit@expect            cstackCOMRAM 000518
at_submit@timeout_ms        cstackCOMRAM 00051C
at_wait@err                 cstackCOMRAM 000510
at_wait@expect              cstackCOMRAM 00050E
at_wait@timeout_ms          cstackCOMRAM 000512
begin_head_send@e           cstackCOMRAM 000556
bg95_handle_urc@l           cstackCOMRAM 000512
bg95_pump@c                 cstackCOMRAM 000525
checksum_ok@hi              cstackCOMRAM 00050B
checksum_ok@i               cstackCOMRAM 00050D
checksum_ok@lo              cstackCOMRAM 00050C
checksum_ok@s               cstackCOMRAM 000506
checksum_ok@sum             cstackCOMRAM 00050A
ctoa@c                      cstackCOMRAM 000512
ctoa@fp                     cstackCOMRAM 000510
ctoa@l                      cstackCOMRAM 000514
ctoa@w                      cstackCOMRAM 000516
dtoa@d                      cstackCOMRAM 000522
dtoa@fp                     cstackCOMRAM 000520
dtoa@i                      cstackCOMRAM 00052D
dtoa@p                      cstackCOMRAM 000528
dtoa@s                      cstackCOMRAM 00052C
dtoa@w                      cstackCOMRAM 00052A
efgtoa@c                    cstackCOMRAM 00053E
efgtoa@d                    cstackBANK5  00056B
efgtoa@e                    cstackBANK5  00056F
efgtoa@f                    cstackCOMRAM 00053A
efgtoa@fp                   cstackCOMRAM 000538
efgtoa@g                    cstackBANK5  000582
efgtoa@h                    cstackBANK5  000577
efgtoa@i                    cstackBANK5  00057F
efgtoa@l                    cstackBANK5  00057B
efgtoa@m                    cstackBANK5  00056D
efgtoa@mode                 cstackBANK5  000569
efgtoa@n                    cstackBANK5  000586
efgtoa@ne                   cstackBANK5  000560
efgtoa@nmode                cstackBANK5  00056A
efgtoa@ou                   cstackBANK5  000571
efgtoa@p                    cstackBANK5  000562
efgtoa@pp                   cstackBANK5  000568
efgtoa@sign                 cstackBANK5  000581
efgtoa@t                    cstackBANK5  000564
efgtoa@u                    cstackBANK5  000588
efgtoa@w                    cstackBANK5  000575
end_of_initialization       cinit        016430
enter_backoff@next          cstackBANK5  0005A0
fix_quality_str@q           cstackCOMRAM 000505
floorf@F521                 bssBANK6     000609
floorf@e                    cstackCOMRAM 00052C
floorf@m                    cstackCOMRAM 000528
floorf@u                    cstackCOMRAM 00052E
floorf@x                    cstackCOMRAM 00051E
fputc@c                     cstackCOMRAM 000507
fputc@fp                    cstackCOMRAM 000509
fputs@c                     cstackCOMRAM 000514
fputs@fp                    cstackCOMRAM 000512
fputs@i                     cstackCOMRAM 000515
fputs@s                     cstackCOMRAM 000510
hex_val@c                   cstackCOMRAM 000505
intlevel0                   text         000000
intlevel1                   text         000000
intlevel2                   text         000000
intlevel3                   text         000000
isa$std                     (abs)        000001
isa$xinst                   (abs)        000000
isdigit@c                   cstackCOMRAM 000505
isxdigit@c                  cstackCOMRAM 000505
ivt0x8_base                 ivt0x8       000008
ivt0x8_undefint             ivt0x8       000108
labs@a                      cstackCOMRAM 000505
main@c                      cstackBANK6  0006F8
main@last_send              cstackBANK6  0006F4
main@payload                mediumconst  00FBAF
memcpy@d                    cstackCOMRAM 00050C
memcpy@d1                   cstackCOMRAM 000505
memcpy@n                    cstackCOMRAM 000509
memcpy@s                    cstackCOMRAM 00050E
memcpy@s1                   cstackCOMRAM 000507
memcpy@tmp                  cstackCOMRAM 00050B
memmove@c                   cstackCOMRAM 00051E
memmove@d                   cstackCOMRAM 000522
memmove@d1                  cstackCOMRAM 000505
memmove@n                   cstackCOMRAM 000509
memmove@s                   cstackCOMRAM 00051F
memmove@s1                  cstackCOMRAM 000507
millis@gie                  cstackCOMRAM 00050D
millis@now                  cstackCOMRAM 000509
nanf@s                      cstackCOMRAM 000505
nanf@u                      cstackCOMRAM 000509
on_downlink@data            cstackBANK5  0005A0
on_downlink@i               cstackBANK5  0005A5
on_downlink@len             cstackBANK5  0005A2
pad@buf                     cstackCOMRAM 000519
pad@fp                      cstackCOMRAM 000517
pad@i                       cstackCOMRAM 00051E
pad@p                       cstackCOMRAM 00051B
parse_gga@alt               cstackBANK5  0005B9
parse_gga@ew                cstackBANK5  0005B3
parse_gga@fields            cstackBANK5  0005A8
parse_gga@hdop              cstackBANK5  0005B7
parse_gga@lat               cstackBANK5  0005AD
parse_gga@lon               cstackBANK5  0005B1
parse_gga@n                 cstackBANK5  0005AA
parse_gga@ns                cstackBANK5  0005AF
parse_gga@qual              cstackBANK5  0005B5
parse_gga@sats              cstackBANK5  0005BD
parse_gga@time              cstackBANK5  0005AB
parse_line@fields           cstackBANK5  0005C8
parse_line@n                cstackBANK5  0005FC
parse_line@type             cstackBANK5  0005F8
parse_qcsq@buf              cstackBANK5  0005A0
parse_qcsq@end              cstackBANK5  0005AB
parse_qcsq@n                cstackBANK5  0005AD
parse_qcsq@p                cstackBANK5  0005AE
parse_qcsq@vals             cstackBANK5  0005A3
parse_qird@buf              cstackBANK5  0005A7
parse_qird@data             cstackBANK5  0005A9
parse_qird@len              cstackBANK5  0005AD
parse_qird@nl               cstackBANK5  0005AB
parse_qird@p                cstackBANK5  0005B1
parse_rmc@course            cstackBANK5  0005BA
parse_rmc@date              cstackBANK5  0005BC
parse_rmc@ew                cstackBANK5  0005B6
parse_rmc@fields            cstackBANK5  0005A8
parse_rmc@knots             cstackBANK5  0005C0
parse_rmc@lat               cstackBANK5  0005B0
parse_rmc@lon               cstackBANK5  0005B4
parse_rmc@mph               cstackBANK5  0005AC
parse_rmc@n                 cstackBANK5  0005AA
parse_rmc@ns                cstackBANK5  0005B2
parse_rmc@speed             cstackBANK5  0005B8
parse_rmc@status            cstackBANK5  0005C6
parse_rmc@time              cstackBANK5  0005C4
print_date@d                cstackBANK5  0005A0
print_time@t                cstackBANK5  0005A0
printf@ap                   cstackCOMRAM 000556
printf@fmt                  cstackBANK5  000592
putch@data                  cstackCOMRAM 000506
read_prec_or_width@ap       cstackCOMRAM 000507
read_prec_or_width@c        cstackCOMRAM 00050B
read_prec_or_width@fmt      cstackCOMRAM 000505
read_prec_or_width@n        cstackCOMRAM 00050C
ready_task@e                cstackBANK5  0005B6
ready_task@i                cstackBANK5  0005B5
split_fields@delim          cstackCOMRAM 00050E
split_fields@fields         cstackCOMRAM 000507
split_fields@max_fields     cstackCOMRAM 000509
split_fields@n              cstackCOMRAM 00050F
split_fields@s              cstackCOMRAM 000505
sprintf@ap                  cstackBANK5  00059A
sprintf@f                   cstackBANK5  00059C
sprintf@fmt                 cstackBANK5  000594
sprintf@s                   cstackBANK5  000592
stackhi                     (abs)        000000
stacklo                     (abs)        000000
start                       init         00010A
start_initialization        cinit        0163B2
step@cmd                    cstackBANK5  0005A1
step@err                    cstackBANK5  0005A5
step@expect                 cstackBANK5  0005A3
step@on_fail                cstackBANK5  0005AC
step@on_ok                  cstackBANK5  0005AB
step@timeout_ms             cstackBANK5  0005A7
step_optional@cmd           cstackBANK5  0005A0
step_optional@on_next       cstackBANK5  0005A6
step_optional@r             cstackBANK5  0005A7
step_optional@timeout_ms    cstackBANK5  0005A2
stoa@cp                     cstackCOMRAM 00051A
stoa@fp                     cstackCOMRAM 000510
stoa@l                      cstackCOMRAM 00051C
stoa@p                      cstackCOMRAM 000516
stoa@s                      cstackCOMRAM 000512
stoa@w                      cstackCOMRAM 000518
strchr@c                    cstackCOMRAM 000507
strchr@s                    cstackCOMRAM 000505
strcmp@l                    cstackCOMRAM 000505
strcmp@r                    cstackCOMRAM 000507
strcpy@d                    cstackCOMRAM 000509
strcpy@dest                 cstackCOMRAM 000505
strcpy@src                  cstackCOMRAM 000507
strlen@a                    cstackCOMRAM 000507
strlen@s                    cstackCOMRAM 000505
strncmp@l                   cstackCOMRAM 000505
strncmp@n                   cstackCOMRAM 000509
strncmp@r                   cstackCOMRAM 000507
strstr@h                    cstackCOMRAM 00050C
strstr@n                    cstackCOMRAM 00050E
strstr@nl                   cstackCOMRAM 000510
strtof@_u                   cstackCOMRAM 00054C
strtof@digit                cstackCOMRAM 000546
strtof@dpos                 cstackCOMRAM 000543
strtof@eexp                 cstackCOMRAM 00054A
strtof@err                  cstackCOMRAM 000544
strtof@expon                cstackCOMRAM 000548
strtof@flags                cstackCOMRAM 000547
strtof@i                    cstackCOMRAM 000550
strtof@res                  cstackCOMRAM 00053A
strtof@s                    cstackCOMRAM 000538
strtof@xpos                 cstackCOMRAM 000542
to_decimal_degrees@coord    cstackCOMRAM 000551
to_decimal_degrees@dec      cstackBANK5  00056A
to_decimal_degrees@degrees  cstackBANK5  000568
to_decimal_degrees@hemi     cstackCOMRAM 000553
to_decimal_degrees@minutes  cstackBANK5  000560
to_decimal_degrees@raw      cstackBANK5  000564
toupper@c                   cstackCOMRAM 000505
utoa@d                      cstackCOMRAM 000522
utoa@fp                     cstackCOMRAM 000520
utoa@i                      cstackCOMRAM 00052A
utoa@p                      cstackCOMRAM 000526
utoa@w                      cstackCOMRAM 000528
vfpfcnvrt@ap                cstackCOMRAM 000545
vfpfcnvrt@c                 cstackCOMRAM 000550
vfpfcnvrt@convarg           cstackCOMRAM 00054C
vfpfcnvrt@cp                cstackCOMRAM 000551
vfpfcnvrt@done              cstackCOMRAM 00054B
vfpfcnvrt@fmt               cstackCOMRAM 000543
vfpfcnvrt@fp                cstackCOMRAM 000541
vfprintf@ap                 cstackBANK5  000590
vfprintf@cfmt               cstackCOMRAM 000553
vfprintf@fmt                cstackBANK5  00058E
vfprintf@fp                 cstackBANK5  00058C
xtoa@c                      cstackCOMRAM 00052E
xtoa@d                      cstackCOMRAM 000522
xtoa@fp                     cstackCOMRAM 000520
xtoa@i                      cstackCOMRAM 00052F
xtoa@p                      cstackCOMRAM 00052A
xtoa@w                      cstackCOMRAM 00052C


MODULE INFORMATION

Module		Function		Class		Link	Load	Size
/Applications/microchip/xc8/v3.10/pic/sources/c99/common/almod.c
		___almod       		CODE           	157D6	0000	234

/Applications/microchip/xc8/v3.10/pic/sources/c99/common/almod.c estimated size: 234

/Applications/microchip/xc8/v3.10/pic/sources/c99/common/memcpy.c
		_memcpy        		CODE           	167F2	0000	104

/Applications/microchip/xc8/v3.10/pic/sources/c99/common/memcpy.c estimated size: 104

/Applications/microchip/xc8/v3.10/pic/sources/c99/common/flge.c
		___flge        		CODE           	15404	0000	260

/Applications/microchip/xc8/v3.10/pic/sources/c99/common/flge.c estimated size: 260

/Applications/microchip/xc8/v3.10/pic/sources/c99/common/fltol.c
		___fltol       		CODE           	152FE	0000	262

/Applications/microchip/xc8/v3.10/pic/sources/c99/common/fltol.c estimated size: 262

/Applications/microchip/xc8/v3.10/pic/sources/c99/common/isxdigit.c
		_isxdigit      		CODE           	16A2A	0000	84

/Applications/microchip/xc8/v3.10/pic/sources/c99/common/isxdigit.c estimated size: 84

/Applications/microchip/xc8/v3.10/pic/sources/c99/common/strstr.c
		_strstr        		CODE           	15E48	0000	196

/Applications/microchip/xc8/v3.10/pic/sources/c99/common/strstr.c estimated size: 196

/Applications/microchip/xc8/v3.10/pic/sources/c99/common/Umul16.c
		___wmul        		CODE           	16FF6	0000	38

/Applications/microchip/xc8/v3.10/pic/sources/c99/common/Umul16.c estimated size: 38

/Applications/microchip/xc8/v3.10/pic/sources/c99/common/sprcmul.c
		___flmul       		CODE           	12AE8	0000	1062

/Applications/microchip/xc8/v3.10/pic/sources/c99/common/sprcmul.c estimated size: 1062

/Applications/microchip/xc8/v3.10/pic/sources/c99/common/nf_sprintf.c
		_sprintf       		CODE           	16B20	0000	76

/Applications/microchip/xc8/v3.10/pic/sources/c99/common/nf_sprintf.c estimated size: 76

timer.c
		_millis        		CODE           	16DEE	0000	54
		_Timer0_ISR    		CODE           	1708C	0000	18
		_Timer0_Init   		CODE           	16FA4	0000	42

timer.c estimated size: 114

/Applications/microchip/xc8/v3.10/pic/sources/c99/common/sprcdiv.c
		___fldiv       		CODE           	13320	0000	910

/Applications/microchip/xc8/v3.10/pic/sources/c99/common/sprcdiv.c estimated size: 910

/Applications/microchip/xc8/v3.10/pic/sources/c99/common/printf.c
		_printf        		CODE           	16FCE	0000	40

/Applications/microchip/xc8/v3.10/pic/sources/c99/common/printf.c estimated size: 40

uart2.c
		_UART2_TryReadByte		CODE           	16D7E	0000	56
		_UART2_Init    		CODE           	16EC0	0000	48
		_UART2_RX_ISR  		CODE           	169D4	0000	86

uart2.c estimated size: 190

/Applications/microchip/xc8/v3.10/pic/sources/c99/common/__fpclassifyf.c
		___fpclassifyf 		CODE           	15508	0000	248

/Applications/microchip/xc8/v3.10/pic/sources/c99/common/__fpclassifyf.c estimated size: 248

/Applications/microchip/xc8/v3.10/pic/sources/c99/common/toupper.c
		_toupper       		CODE           	16F20	0000	46

/Applications/microchip/xc8/v3.10/pic/sources/c99/common/toupper.c estimated size: 46

/Applications/microchip/xc8/v3.10/pic/sources/c99/common/nanf.c
		_nanf          		CODE           	1701C	0000	34

/Applications/microchip/xc8/v3.10/pic/sources/c99/common/nanf.c estimated size: 34

/Applications/microchip/xc8/v3.10/pic/sources/c99/common/floorf.c
		_floorf        		CODE           	13BCA	0000	530

/Applications/microchip/xc8/v3.10/pic/sources/c99/common/floorf.c estimated size: 530

/Applications/microchip/xc8/v3.10/pic/sources/c99/common/aldiv.c
		___aldiv       		CODE           	151F4	0000	266

/Applications/microchip/xc8/v3.10/pic/sources/c99/common/aldiv.c estimated size: 266

/Applications/microchip/xc8/v3.10/pic/sources/c99/common/Umul32.c
		___lmul        		CODE           	16720	0000	106

/Applications/microchip/xc8/v3.10/pic/sources/c99/common/Umul32.c estimated size: 106

/Applications/microchip/xc8/v3.10/pic/sources/c99/common/flneg.c
		___flneg       		CODE           	16DB6	0000	56

/Applications/microchip/xc8/v3.10/pic/sources/c99/common/flneg.c estimated size: 56

/Applications/microchip/xc8/v3.10/pic/sources/c99/common/strncmp.c
		_strncmp       		CODE           	15998	0000	208

/Applications/microchip/xc8/v3.10/pic/sources/c99/common/strncmp.c estimated size: 208

bg95.c
		_enter_backoff 		CODE           	16B6C	0000	76
		_BG95_Task     		CODE           	12F0E	0000	1042
		_at_submit     		CODE           	16C8C	0000	62
		_txq_peek      		CODE           	16EF0	0000	48
		_txq_pop       		CODE           	1703E	0000	28
		_BG95_Init     		CODE           	16CCA	0000	62
		_begin_head_send		CODE           	16538	0000	126
		_step_optional 		CODE           	16216	0000	138
		_at_wait       		CODE           	1678A	0000	104
		_ready_task    		CODE           	13950	0000	634
		_BG95_QueueDatagram		CODE           	165B6	0000	122
		_bg95_pump     		CODE           	14748	0000	416
		_bg95_handle_urc		CODE           	16188	0000	142
		_step          		CODE           	160F2	0000	150
		_at_poll       		CODE           	162A0	0000	138
		_parse_qird    		CODE           	14EAA	0000	300
		_parse_qcsq    		CODE           	13FE0	0000	514
		_ready_service 		CODE           	150EA	0000	266

bg95.c estimated size: 4368

/Applications/microchip/xc8/v3.10/pic/sources/c99/common/__lldiv.c
		___lldiv       		CODE           	15FB6	0000	164

/Applications/microchip/xc8/v3.10/pic/sources/c99/common/__lldiv.c estimated size: 164

gps.c
		_parse_gga     		CODE           	13DDC	0000	516
		_print_date    		CODE           	15BFC	0000	196
		_print_time    		CODE           	15CC0	0000	196
		_split_fields  		CODE           	158C0	0000	216
		_parse_line    		CODE           	15600	0000	236
		_parse_rmc     		CODE           	136AE	0000	674
		_hex_val       		CODE           	164BA	0000	126
		_GPS_Process   		CODE           	16630	0000	120
		_checksum_ok   		CODE           	14FD6	0000	276
		_to_decimal_degrees		CODE           	141E2	0000	474
		_fix_quality_str		CODE           	16436	0000	132

gps.c estimated size: 3162

/Applications/microchip/xc8/v3.10/pic/sources/c99/common/xxtofl.c
		___xxtofl      		CODE           	14594	0000	436

/Applications/microchip/xc8/v3.10/pic/sources/c99/common/xxtofl.c estimated size: 436

/Applications/microchip/xc8/v3.10/pic/sources/c99/common/nf_fputs.c
		_fputs         		CODE           	16C4A	0000	66

/Applications/microchip/xc8/v3.10/pic/sources/c99/common/nf_fputs.c estimated size: 66

/Applications/microchip/xc8/v3.10/pic/sources/c99/common/fleq.c
		___fleq        		CODE           	15F0C	0000	170

/Applications/microchip/xc8/v3.10/pic/sources/c99/common/fleq.c estimated size: 170

/Applications/microchip/xc8/v3.10/pic/sources/c99/common/memmove.c
		_memmove       		CODE           	14A82	0000	384

/Applications/microchip/xc8/v3.10/pic/sources/c99/common/memmove.c estimated size: 384

/Applications/microchip/xc8/v3.10/pic/sources/c99/common/strlen.c
		_strlen        		CODE           	16AD0	0000	80

/Applications/microchip/xc8/v3.10/pic/sources/c99/common/strlen.c estimated size: 80

/Applications/microchip/xc8/v3.10/pic/sources/c99/common/isdigit.c
		_isdigit       		CODE           	16F4E	0000	44

/Applications/microchip/xc8/v3.10/pic/sources/c99/common/isdigit.c estimated size: 44

/Applications/microchip/xc8/v3.10/pic/sources/c99/common/strcmp.c
		_strcmp        		CODE           	166A8	0000	120

/Applications/microchip/xc8/v3.10/pic/sources/c99/common/strcmp.c estimated size: 120

/Applications/microchip/xc8/v3.10/pic/sources/c99/common/sprcadd.c
		___flsub       		CODE           	16C04	0000	70
		___fladd       		CODE           	121A0	0000	1206

/Applications/microchip/xc8/v3.10/pic/sources/c99/common/sprcadd.c estimated size: 1276

/Applications/microchip/xc8/v3.10/pic/sources/c99/common/strchr.c
		_strchr        		CODE           	16BB8	0000	76

/Applications/microchip/xc8/v3.10/pic/sources/c99/common/strchr.c estimated size: 76

shared
		__initialization		CODE           	163B2	0000	126
		main@payload   		MEDIUMCONST    	FBAF	0000	14

shared estimated size: 140

/Applications/microchip/xc8/v3.10/pic/sources/c99/common/strcpy.c
		_strcpy        		CODE           	16D08	0000	60

/Applications/microchip/xc8/v3.10/pic/sources/c99/common/strcpy.c estimated size: 60

uart3.c
		_UART3_RX_ISR  		CODE           	16924	0000	88
		_UART3_Write   		CODE           	1705A	0000	24
		_UART3_TryReadByte		CODE           	16D44	0000	58
		_UART3_WriteStr		CODE           	168C0	0000	98
		_UART3_Init    		CODE           	16E24	0000	52

uart3.c estimated size: 320

/Applications/microchip/xc8/v3.10/pic/sources/c99/common/llmod.c
		___llmod       		CODE           	1632A	0000	136

/Applications/microchip/xc8/v3.10/pic/sources/c99/common/llmod.c estimated size: 136

/Applications/microchip/xc8/v3.10/pic/sources/c99/common/doprnt.c
		_read_prec_or_width		CODE           	15A68	0000	202
		_vfpfcnvrt     		CODE           	11A7A	0000	1830
		_efgtoa        		CODE           	11036	0000	2628
		_pad           		CODE           	1605A	0000	152
		_ctoa          		CODE           	15D84	0000	196
		_dtoa          		CODE           	143BC	0000	472
		_vfprintf      		CODE           	16A7E	0000	82
		_stoa          		CODE           	148E8	0000	410
		_utoa          		CODE           	14D5A	0000	336
		_xtoa          		CODE           	14C02	0000	344

/Applications/microchip/xc8/v3.10/pic/sources/c99/common/doprnt.c estimated size: 6652

uart1.c
		_UART1_Write   		CODE           	17072	0000	24
		_putch         		CODE           	1709E	0000	10
		_UART1_Init    		CODE           	16F7A	0000	42

uart1.c estimated size: 76

/Applications/microchip/xc8/v3.10/pic/sources/c99/common/abs.c
		_abs           		CODE           	16E8C	0000	52

/Applications/microchip/xc8/v3.10/pic/sources/c99/common/abs.c estimated size: 52

/Applications/microchip/xc8/v3.10/pic/sources/c99/common/__strtoxl.c
		___strtoxl     		CODE           	12656	0000	1170

/Applications/microchip/xc8/v3.10/pic/sources/c99/common/__strtoxl.c estimated size: 1170

main.c
		_on_downlink   		CODE           	1685A	0000	102
		_main          		CODE           	156EC	0000	234
		_Clock_Init    		CODE           	16E58	0000	52

main.c estimated size: 388

/Applications/microchip/xc8/v3.10/pic/sources/c99/common/strtof.c
		_strtof        		CODE           	10000	0000	4150

/Applications/microchip/xc8/v3.10/pic/sources/c99/common/strtof.c estimated size: 4150

/Applications/microchip/xc8/v3.10/pic/sources/c99/common/labs.c
		_labs          		CODE           	1697C	0000	86

/Applications/microchip/xc8/v3.10/pic/sources/c99/common/labs.c estimated size: 86

/Applications/microchip/xc8/v3.10/pic/sources/c99/common/nf_fputc.c
		_fputc         		CODE           	15B32	0000	202

/Applications/microchip/xc8/v3.10/pic/sources/c99/common/nf_fputc.c estimated size: 202

